../Core/Src/main.c:90:5:main	112	static
../Core/Src/main.c:184:6:SystemClock_Config	72	static
../Core/Src/main.c:223:13:MX_NVIC_Init	8	static
../Core/Src/main.c:238:13:MX_I2C1_Init	8	static
../Core/Src/main.c:272:13:MX_TIM3_Init	48	static
../Core/Src/main.c:333:13:MX_TIM4_Init	32	static
../Core/Src/main.c:378:13:MX_USART1_UART_Init	8	static
../Core/Src/main.c:411:13:MX_GPIO_Init	40	static
../Core/Src/main.c:473:6:HAL_GPIO_EXTI_Callback	16	static
../Core/Src/main.c:489:6:Error_Handler	4	static,ignoring_inline_asm
