../Core/Src/main.c:160:6:MPU_init	32	static
../Core/Src/main.c:211:6:MPU_Read_accel	32	static
../Core/Src/main.c:244:6:MPU_Read_gyro	32	static
../Core/Src/main.c:290:6:Gyro_calibration	32	static
../Core/Src/main.c:317:6:MPU_GetYaw	32	static
../Core/Src/main.c:354:5:main	192	static
../Core/Src/main.c:521:6:SystemClock_Config	72	static
../Core/Src/main.c:560:13:MX_NVIC_Init	8	static
../Core/Src/main.c:578:13:MX_I2C1_Init	8	static
../Core/Src/main.c:612:13:MX_TIM1_Init	32	static
../Core/Src/main.c:658:13:MX_TIM2_Init	32	static
../Core/Src/main.c:703:13:MX_TIM3_Init	48	static
../Core/Src/main.c:764:13:MX_TIM4_Init	32	static
../Core/Src/main.c:809:13:MX_USART1_UART_Init	8	static
../Core/Src/main.c:842:13:MX_GPIO_Init	40	static
../Core/Src/main.c:905:6:HAL_TIM_PeriodElapsedCallback	24	static
../Core/Src/main.c:939:6:HAL_GPIO_EXTI_Callback	16	static
../Core/Src/main.c:979:6:Error_Handler	4	static,ignoring_inline_asm
