../Core/Src/main.c:165:6:MPU_init	32	static
../Core/Src/main.c:211:6:MPU_Read_accel	32	static
../Core/Src/main.c:229:6:MPU_Read_gyro	40	static
../Core/Src/main.c:247:6:Gyro_calibration	32	static
../Core/Src/main.c:273:6:MPU_GetYaw	32	static
../Core/Src/main.c:287:6:Mag_init	24	static
../Core/Src/main.c:293:6:Mag_read	48	static
../Core/Src/main.c:320:5:main	224	static
../Core/Src/main.c:609:6:SystemClock_Config	72	static
../Core/Src/main.c:648:13:MX_NVIC_Init	8	static
../Core/Src/main.c:666:13:MX_I2C1_Init	8	static
../Core/Src/main.c:700:13:MX_TIM1_Init	32	static
../Core/Src/main.c:746:13:MX_TIM2_Init	32	static
../Core/Src/main.c:791:13:MX_TIM3_Init	48	static
../Core/Src/main.c:852:13:MX_TIM4_Init	32	static
../Core/Src/main.c:897:13:MX_USART1_UART_Init	8	static
../Core/Src/main.c:933:13:MX_GPIO_Init	40	static
../Core/Src/main.c:997:6:HAL_TIM_PeriodElapsedCallback	16	static
../Core/Src/main.c:1046:6:HAL_GPIO_EXTI_Callback	16	static
../Core/Src/main.c:1106:6:Error_Handler	4	static,ignoring_inline_asm
