../Core/Src/main.c:167:6:MPU_init	32	static
../Core/Src/main.c:218:6:MPU_Read_accel	32	static
../Core/Src/main.c:251:6:MPU_Read_gyro	32	static
../Core/Src/main.c:297:6:Gyro_calibration	32	static
../Core/Src/main.c:324:6:MPU_GetYaw	32	static
../Core/Src/main.c:343:6:Mag_init	24	static
../Core/Src/main.c:349:6:Mag_read	48	static
../Core/Src/main.c:376:5:main	208	static
../Core/Src/main.c:692:6:SystemClock_Config	72	static
../Core/Src/main.c:731:13:MX_NVIC_Init	8	static
../Core/Src/main.c:752:13:MX_I2C1_Init	8	static
../Core/Src/main.c:786:13:MX_TIM1_Init	32	static
../Core/Src/main.c:832:13:MX_TIM2_Init	32	static
../Core/Src/main.c:877:13:MX_TIM3_Init	64	static
../Core/Src/main.c:948:13:MX_TIM4_Init	32	static
../Core/Src/main.c:993:13:MX_USART1_UART_Init	8	static
../Core/Src/main.c:1029:13:MX_GPIO_Init	40	static
../Core/Src/main.c:1093:6:HAL_TIM_PeriodElapsedCallback	24	static
../Core/Src/main.c:1157:6:HAL_GPIO_EXTI_Callback	16	static
../Core/Src/main.c:1196:6:Error_Handler	4	static,ignoring_inline_asm
