13:36:33 **** Incremental Build of configuration Debug for project PlantIdentification ****
make -j20 all 
arm-none-eabi-gcc "../Core/Src/main.c" -mcpu=cortex-m3 -std=gnu11 -g3 -DDEBUG -DUSE_HAL_DRIVER -DSTM32F103xB -c -I../Core/Inc -I../Drivers/STM32F1xx_HAL_Driver/Inc -I../Drivers/STM32F1xx_HAL_Driver/Inc/Legacy -I../Drivers/CMSIS/Device/ST/STM32F1xx/Include -I../Drivers/CMSIS/Include -O0 -ffunction-sections -fdata-sections -Wall -fstack-usage -fcyclomatic-complexity -MMD -MP -MF"Core/Src/main.d" -MT"Core/Src/main.o" --specs=nano.specs -mfloat-abi=soft -mthumb -o "Core/Src/main.o"
../Core/Src/main.c: In function 'main':
../Core/Src/main.c:149:37: warning: passing argument 2 of 'HAL_UART_Receive' from incompatible pointer type [-Wincompatible-pointer-types]
  149 |           HAL_UART_Receive(&huart1, &Commands, 3, 100);
      |                                     ^~~~~~~~~
      |                                     |
      |                                     char (*)[3]
In file included from ../Core/Inc/stm32f1xx_hal_conf.h:338,
                 from ../Drivers/STM32F1xx_HAL_Driver/Inc/stm32f1xx_hal.h:29,
                 from ../Core/Inc/main.h:30,
                 from ../Core/Src/main.c:20:
../Drivers/STM32F1xx_HAL_Driver/Inc/stm32f1xx_hal_uart.h:750:72: note: expected 'uint8_t *' {aka 'unsigned char *'} but argument is of type 'char (*)[3]'
  750 | HAL_StatusTypeDef HAL_UART_Receive(UART_HandleTypeDef *huart, uint8_t *pData, uint16_t Size, uint32_t Timeout);
      |                                                               ~~~~~~~~~^~~~~
../Core/Src/main.c: In function 'HAL_TIM_PeriodElapsedCallback':
../Core/Src/main.c:635:62: warning: format '%lu' expects argument of type 'long unsigned int', but argument 4 has type 'int' [-Wformat=]
  635 |                 uint8_t DataBuf = sprintf(DataTransmit,"%u,%lu,%u\n",vel,pwm_lf, rpm_lf);
      |                                                            ~~^           ~~~~~~
      |                                                              |           |
      |                                                              |           int
      |                                                              long unsigned int
      |                                                            %u
../Core/Src/main.c:636:44: warning: passing argument 2 of 'HAL_UART_Transmit' from incompatible pointer type [-Wincompatible-pointer-types]
  636 |                 HAL_UART_Transmit(&huart1, &DataTransmit, DataBuf, 100);
      |                                            ^~~~~~~~~~~~~
      |                                            |
      |                                            char (*)[100]
In file included from ../Core/Inc/stm32f1xx_hal_conf.h:338,
                 from ../Drivers/STM32F1xx_HAL_Driver/Inc/stm32f1xx_hal.h:29,
                 from ../Core/Inc/main.h:30,
                 from ../Core/Src/main.c:20:
../Drivers/STM32F1xx_HAL_Driver/Inc/stm32f1xx_hal_uart.h:749:79: note: expected 'const uint8_t *' {aka 'const unsigned char *'} but argument is of type 'char (*)[100]'
  749 | HAL_StatusTypeDef HAL_UART_Transmit(UART_HandleTypeDef *huart, const uint8_t *pData, uint16_t Size, uint32_t Timeout);
      |                                                                ~~~~~~~~~~~~~~~^~~~~
arm-none-eabi-gcc -o "PlantIdentification.elf" @"objects.list"   -mcpu=cortex-m3 -T"C:\Users\Jorge\Documents\Uni\5 Semestre\STM\Sensores\IndusAuto\PlantIdentification\STM32F103C8TX_FLASH.ld" --specs=nosys.specs -Wl,-Map="PlantIdentification.map" -Wl,--gc-sections -static --specs=nano.specs -mfloat-abi=soft -mthumb -Wl,--start-group -lc -lm -Wl,--end-group
Finished building target: PlantIdentification.elf
 
arm-none-eabi-size   PlantIdentification.elf 
arm-none-eabi-objdump -h -S  PlantIdentification.elf  > "PlantIdentification.list"
   text	   data	    bss	    dec	    hex	filename
  16020	    104	   2480	  18604	   48ac	PlantIdentification.elf
Finished building: default.size.stdout
 
Finished building: PlantIdentification.list
 

13:36:34 Build Finished. 0 errors, 3 warnings. (took 1s.445ms)

